[    1352ms] [WARNING] Statsig is not ready to log exposures, will retry in 1 seconds @ https://www.figma.com/webpack-artifacts/assets/vendor-core-ade2edecaf4781c7.min.js.br:53
[    2355ms] [WARNING] Statsig is not ready to log exposures, will retry in 1 seconds @ https://www.figma.com/webpack-artifacts/assets/vendor-core-ade2edecaf4781c7.min.js.br:53
[    3358ms] [WARNING] Statsig is not ready to log exposures, will retry in 1 seconds @ https://www.figma.com/webpack-artifacts/assets/vendor-core-ade2edecaf4781c7.min.js.br:53
[    4358ms] [WARNING] Statsig is not ready to log exposures, will retry in 1 seconds @ https://www.figma.com/webpack-artifacts/assets/vendor-core-ade2edecaf4781c7.min.js.br:53
[    4704ms] [WARNING] The resource https://www.figma.com/api/user/state?team_id=1551971169476590938&file_key=NiUKkDCaDY3C2o7tFmZFZH&fuid=939276643110611262 was preloaded using link preload but not used within a few seconds from the window's load event. Please make sure it has an appropriate `as` value and it is preloaded intentionally. @ https://www.figma.com/file/NiUKkDCaDY3C2o7tFmZFZH?node-id=954-2:0
[    4704ms] [WARNING] The resource https://www.figma.com/api/session/state?fuid=939276643110611262 was preloaded using link preload but not used within a few seconds from the window's load event. Please make sure it has an appropriate `as` value and it is preloaded intentionally. @ https://www.figma.com/file/NiUKkDCaDY3C2o7tFmZFZH?node-id=954-2:0
[    5361ms] [WARNING] Statsig is not ready to log exposures, will retry in 1 seconds @ https://www.figma.com/webpack-artifacts/assets/vendor-core-ade2edecaf4781c7.min.js.br:53
[    6363ms] [WARNING] Statsig is not ready to log exposures, will retry in 1 seconds @ https://www.figma.com/webpack-artifacts/assets/vendor-core-ade2edecaf4781c7.min.js.br:53
[    7365ms] [WARNING] Statsig is not ready to log exposures, will retry in 1 seconds @ https://www.figma.com/webpack-artifacts/assets/vendor-core-ade2edecaf4781c7.min.js.br:53
[    8368ms] [WARNING] Statsig is not ready to log exposures, will retry in 1 seconds @ https://www.figma.com/webpack-artifacts/assets/vendor-core-ade2edecaf4781c7.min.js.br:53
[    9370ms] [WARNING] Statsig is not ready to log exposures, will retry in 1 seconds @ https://www.figma.com/webpack-artifacts/assets/vendor-core-ade2edecaf4781c7.min.js.br:53
[   10373ms] [WARNING] Statsig is not ready to log exposures, will retry in 1 seconds @ https://www.figma.com/webpack-artifacts/assets/vendor-core-ade2edecaf4781c7.min.js.br:53
[   11375ms] [WARNING] Statsig is not ready to log exposures, will retry in 1 seconds @ https://www.figma.com/webpack-artifacts/assets/vendor-core-ade2edecaf4781c7.min.js.br:53
[   12377ms] [WARNING] Statsig is not ready to log exposures, will retry in 1 seconds @ https://www.figma.com/webpack-artifacts/assets/vendor-core-ade2edecaf4781c7.min.js.br:53
[   13379ms] [WARNING] Statsig is not ready to log exposures, will retry in 1 seconds @ https://www.figma.com/webpack-artifacts/assets/vendor-core-ade2edecaf4781c7.min.js.br:53
[   14271ms] [WARNING] The resource https://www.figma.com/api/user/state?team_id=1551971169476590938&file_key=NiUKkDCaDY3C2o7tFmZFZH&fuid=939276643110611262 was preloaded using link preload but not used within a few seconds from the window's load event. Please make sure it has an appropriate `as` value and it is preloaded intentionally. @ https://www.figma.com/file/NiUKkDCaDY3C2o7tFmZFZH?node-id=954-2:0
[   14272ms] [WARNING] The resource https://www.figma.com/api/session/state?fuid=939276643110611262 was preloaded using link preload but not used within a few seconds from the window's load event. Please make sure it has an appropriate `as` value and it is preloaded intentionally. @ https://www.figma.com/file/NiUKkDCaDY3C2o7tFmZFZH?node-id=954-2:0
[   14382ms] [WARNING] Statsig is not ready to log exposures, will retry in 1 seconds @ https://www.figma.com/webpack-artifacts/assets/vendor-core-ade2edecaf4781c7.min.js.br:53
[   15383ms] [WARNING] Statsig is not ready to log exposures, will retry in 1 seconds @ https://www.figma.com/webpack-artifacts/assets/vendor-core-ade2edecaf4781c7.min.js.br:53
[   16386ms] [WARNING] Statsig is not ready to log exposures, will retry in 1 seconds @ https://www.figma.com/webpack-artifacts/assets/vendor-core-ade2edecaf4781c7.min.js.br:53
[   17387ms] [WARNING] Statsig is not ready to log exposures, will retry in 1 seconds @ https://www.figma.com/webpack-artifacts/assets/vendor-core-ade2edecaf4781c7.min.js.br:53
[   18389ms] [WARNING] Statsig is not ready to log exposures, will retry in 1 seconds @ https://www.figma.com/webpack-artifacts/assets/vendor-core-ade2edecaf4781c7.min.js.br:53
[   19392ms] [WARNING] Statsig is not ready to log exposures, will retry in 1 seconds @ https://www.figma.com/webpack-artifacts/assets/vendor-core-ade2edecaf4781c7.min.js.br:53
[   20394ms] [WARNING] Statsig is not ready to log exposures, will retry in 1 seconds @ https://www.figma.com/webpack-artifacts/assets/vendor-core-ade2edecaf4781c7.min.js.br:53
[   21396ms] [WARNING] Statsig is not ready to log exposures, will retry in 1 seconds @ https://www.figma.com/webpack-artifacts/assets/vendor-core-ade2edecaf4781c7.min.js.br:53
[   22398ms] [WARNING] Statsig is not ready to log exposures, will retry in 1 seconds @ https://www.figma.com/webpack-artifacts/assets/vendor-core-ade2edecaf4781c7.min.js.br:53
[   23400ms] [WARNING] Statsig is not ready to log exposures, will retry in 1 seconds @ https://www.figma.com/webpack-artifacts/assets/vendor-core-ade2edecaf4781c7.min.js.br:53
[   24339ms] [WARNING] The resource https://www.figma.com/api/user/state?team_id=1551971169476590938&file_key=NiUKkDCaDY3C2o7tFmZFZH&fuid=939276643110611262 was preloaded using link preload but not used within a few seconds from the window's load event. Please make sure it has an appropriate `as` value and it is preloaded intentionally. @ https://www.figma.com/file/NiUKkDCaDY3C2o7tFmZFZH?node-id=954-2:0
[   24339ms] [WARNING] The resource https://www.figma.com/api/session/state?fuid=939276643110611262 was preloaded using link preload but not used within a few seconds from the window's load event. Please make sure it has an appropriate `as` value and it is preloaded intentionally. @ https://www.figma.com/file/NiUKkDCaDY3C2o7tFmZFZH?node-id=954-2:0
[   24401ms] [WARNING] Statsig is not ready to log exposures, will retry in 1 seconds @ https://www.figma.com/webpack-artifacts/assets/vendor-core-ade2edecaf4781c7.min.js.br:53
[   25403ms] [WARNING] Statsig is not ready to log exposures, will retry in 1 seconds @ https://www.figma.com/webpack-artifacts/assets/vendor-core-ade2edecaf4781c7.min.js.br:53
[   26405ms] [WARNING] Statsig is not ready to log exposures, will retry in 1 seconds @ https://www.figma.com/webpack-artifacts/assets/vendor-core-ade2edecaf4781c7.min.js.br:53
[   27407ms] [WARNING] Statsig is not ready to log exposures, will retry in 1 seconds @ https://www.figma.com/webpack-artifacts/assets/vendor-core-ade2edecaf4781c7.min.js.br:53
[   28409ms] [WARNING] Statsig is not ready to log exposures, will retry in 1 seconds @ https://www.figma.com/webpack-artifacts/assets/vendor-core-ade2edecaf4781c7.min.js.br:53
[   28698ms] [WARNING] The resource https://www.figma.com/api/user/state?team_id=1551971169476590938&file_key=NiUKkDCaDY3C2o7tFmZFZH&fuid=939276643110611262 was preloaded using link preload but not used within a few seconds from the window's load event. Please make sure it has an appropriate `as` value and it is preloaded intentionally. @ https://www.figma.com/file/NiUKkDCaDY3C2o7tFmZFZH?node-id=954-2:0
[   28698ms] [WARNING] The resource https://www.figma.com/api/session/state?fuid=939276643110611262 was preloaded using link preload but not used within a few seconds from the window's load event. Please make sure it has an appropriate `as` value and it is preloaded intentionally. @ https://www.figma.com/file/NiUKkDCaDY3C2o7tFmZFZH?node-id=954-2:0
[   29411ms] [WARNING] Statsig is not ready to log exposures, will retry in 1 seconds @ https://www.figma.com/webpack-artifacts/assets/vendor-core-ade2edecaf4781c7.min.js.br:53
[   30414ms] [WARNING] Statsig is not ready to log exposures, will retry in 1 seconds @ https://www.figma.com/webpack-artifacts/assets/vendor-core-ade2edecaf4781c7.min.js.br:53
[   31419ms] [WARNING] Statsig is not ready to log exposures, will retry in 1 seconds @ https://www.figma.com/webpack-artifacts/assets/vendor-core-ade2edecaf4781c7.min.js.br:53
[   32426ms] [WARNING] Statsig is not ready to log exposures, will retry in 1 seconds @ https://www.figma.com/webpack-artifacts/assets/vendor-core-ade2edecaf4781c7.min.js.br:53
[   33428ms] [WARNING] Statsig is not ready to log exposures, will retry in 1 seconds @ https://www.figma.com/webpack-artifacts/assets/vendor-core-ade2edecaf4781c7.min.js.br:53
[   34298ms] [WARNING] The resource https://www.figma.com/api/user/state?team_id=1551971169476590938&file_key=NiUKkDCaDY3C2o7tFmZFZH&fuid=939276643110611262 was preloaded using link preload but not used within a few seconds from the window's load event. Please make sure it has an appropriate `as` value and it is preloaded intentionally. @ https://www.figma.com/file/NiUKkDCaDY3C2o7tFmZFZH?node-id=954-2:0
[   34298ms] [WARNING] The resource https://www.figma.com/api/session/state?fuid=939276643110611262 was preloaded using link preload but not used within a few seconds from the window's load event. Please make sure it has an appropriate `as` value and it is preloaded intentionally. @ https://www.figma.com/file/NiUKkDCaDY3C2o7tFmZFZH?node-id=954-2:0
[   34431ms] [WARNING] Statsig is not ready to log exposures, will retry in 1 seconds @ https://www.figma.com/webpack-artifacts/assets/vendor-core-ade2edecaf4781c7.min.js.br:53
[   35432ms] [WARNING] Statsig is not ready to log exposures, will retry in 1 seconds @ https://www.figma.com/webpack-artifacts/assets/vendor-core-ade2edecaf4781c7.min.js.br:53
[   36434ms] [WARNING] Statsig is not ready to log exposures, will retry in 1 seconds @ https://www.figma.com/webpack-artifacts/assets/vendor-core-ade2edecaf4781c7.min.js.br:53
[   37436ms] [WARNING] Statsig is not ready to log exposures, will retry in 1 seconds @ https://www.figma.com/webpack-artifacts/assets/vendor-core-ade2edecaf4781c7.min.js.br:53
[   38438ms] [WARNING] Statsig is not ready to log exposures, will retry in 1 seconds @ https://www.figma.com/webpack-artifacts/assets/vendor-core-ade2edecaf4781c7.min.js.br:53
[   39440ms] [WARNING] Statsig is not ready to log exposures, will retry in 1 seconds @ https://www.figma.com/webpack-artifacts/assets/vendor-core-ade2edecaf4781c7.min.js.br:53
[   40442ms] [WARNING] Statsig is not ready to log exposures, will retry in 1 seconds @ https://www.figma.com/webpack-artifacts/assets/vendor-core-ade2edecaf4781c7.min.js.br:53
[   41444ms] [WARNING] Statsig is not ready to log exposures, will retry in 1 seconds @ https://www.figma.com/webpack-artifacts/assets/vendor-core-ade2edecaf4781c7.min.js.br:53
[   42447ms] [WARNING] Statsig is not ready to log exposures, will retry in 1 seconds @ https://www.figma.com/webpack-artifacts/assets/vendor-core-ade2edecaf4781c7.min.js.br:53
[   43449ms] [WARNING] Statsig is not ready to log exposures, will retry in 1 seconds @ https://www.figma.com/webpack-artifacts/assets/vendor-core-ade2edecaf4781c7.min.js.br:53
[   44265ms] [WARNING] The resource https://www.figma.com/api/user/state?team_id=1551971169476590938&file_key=NiUKkDCaDY3C2o7tFmZFZH&fuid=939276643110611262 was preloaded using link preload but not used within a few seconds from the window's load event. Please make sure it has an appropriate `as` value and it is preloaded intentionally. @ https://www.figma.com/file/NiUKkDCaDY3C2o7tFmZFZH?node-id=954-2:0
[   44265ms] [WARNING] The resource https://www.figma.com/api/session/state?fuid=939276643110611262 was preloaded using link preload but not used within a few seconds from the window's load event. Please make sure it has an appropriate `as` value and it is preloaded intentionally. @ https://www.figma.com/file/NiUKkDCaDY3C2o7tFmZFZH?node-id=954-2:0
[   44450ms] [WARNING] Statsig is not ready to log exposures, will retry in 1 seconds @ https://www.figma.com/webpack-artifacts/assets/vendor-core-ade2edecaf4781c7.min.js.br:53
[   45453ms] [WARNING] Statsig is not ready to log exposures, will retry in 1 seconds @ https://www.figma.com/webpack-artifacts/assets/vendor-core-ade2edecaf4781c7.min.js.br:53
[   46454ms] [WARNING] Statsig is not ready to log exposures, will retry in 1 seconds @ https://www.figma.com/webpack-artifacts/assets/vendor-core-ade2edecaf4781c7.min.js.br:53
[   47457ms] [WARNING] Statsig is not ready to log exposures, will retry in 1 seconds @ https://www.figma.com/webpack-artifacts/assets/vendor-core-ade2edecaf4781c7.min.js.br:53
[   48459ms] [WARNING] Statsig is not ready to log exposures, will retry in 1 seconds @ https://www.figma.com/webpack-artifacts/assets/vendor-core-ade2edecaf4781c7.min.js.br:53
[   49462ms] [WARNING] Statsig is not ready to log exposures, will retry in 1 seconds @ https://www.figma.com/webpack-artifacts/assets/vendor-core-ade2edecaf4781c7.min.js.br:53
[   50464ms] [WARNING] Statsig is not ready to log exposures, will retry in 1 seconds @ https://www.figma.com/webpack-artifacts/assets/vendor-core-ade2edecaf4781c7.min.js.br:53
[   51466ms] [WARNING] Statsig is not ready to log exposures, will retry in 1 seconds @ https://www.figma.com/webpack-artifacts/assets/vendor-core-ade2edecaf4781c7.min.js.br:53
[   52468ms] [WARNING] Statsig is not ready to log exposures, will retry in 1 seconds @ https://www.figma.com/webpack-artifacts/assets/vendor-core-ade2edecaf4781c7.min.js.br:53
[   53470ms] [WARNING] Statsig is not ready to log exposures, will retry in 1 seconds @ https://www.figma.com/webpack-artifacts/assets/vendor-core-ade2edecaf4781c7.min.js.br:53
[   54275ms] [WARNING] The resource https://www.figma.com/api/user/state?team_id=1551971169476590938&file_key=NiUKkDCaDY3C2o7tFmZFZH&fuid=939276643110611262 was preloaded using link preload but not used within a few seconds from the window's load event. Please make sure it has an appropriate `as` value and it is preloaded intentionally. @ https://www.figma.com/file/NiUKkDCaDY3C2o7tFmZFZH?node-id=954-2:0
[   54275ms] [WARNING] The resource https://www.figma.com/api/session/state?fuid=939276643110611262 was preloaded using link preload but not used within a few seconds from the window's load event. Please make sure it has an appropriate `as` value and it is preloaded intentionally. @ https://www.figma.com/file/NiUKkDCaDY3C2o7tFmZFZH?node-id=954-2:0
[   54472ms] [WARNING] Statsig is not ready to log exposures, will retry in 1 seconds @ https://www.figma.com/webpack-artifacts/assets/vendor-core-ade2edecaf4781c7.min.js.br:53
[   55475ms] [WARNING] Statsig is not ready to log exposures, will retry in 1 seconds @ https://www.figma.com/webpack-artifacts/assets/vendor-core-ade2edecaf4781c7.min.js.br:53
[   56477ms] [WARNING] Statsig is not ready to log exposures, will retry in 1 seconds @ https://www.figma.com/webpack-artifacts/assets/vendor-core-ade2edecaf4781c7.min.js.br:53
[   57479ms] [WARNING] Statsig is not ready to log exposures, will retry in 1 seconds @ https://www.figma.com/webpack-artifacts/assets/vendor-core-ade2edecaf4781c7.min.js.br:53
[   58481ms] [WARNING] Statsig is not ready to log exposures, will retry in 1 seconds @ https://www.figma.com/webpack-artifacts/assets/vendor-core-ade2edecaf4781c7.min.js.br:53
[   59483ms] [WARNING] Statsig is not ready to log exposures, will retry in 1 seconds @ https://www.figma.com/webpack-artifacts/assets/vendor-core-ade2edecaf4781c7.min.js.br:53
[   60486ms] [WARNING] Statsig is not ready to log exposures, will retry in 1 seconds @ https://www.figma.com/webpack-artifacts/assets/vendor-core-ade2edecaf4781c7.min.js.br:53
[   61487ms] [WARNING] Statsig is not ready to log exposures, will retry in 1 seconds @ https://www.figma.com/webpack-artifacts/assets/vendor-core-ade2edecaf4781c7.min.js.br:53
[   62488ms] [WARNING] Statsig is not ready to log exposures, will retry in 1 seconds @ https://www.figma.com/webpack-artifacts/assets/vendor-core-ade2edecaf4781c7.min.js.br:53
[   63490ms] [WARNING] Statsig is not ready to log exposures, will retry in 1 seconds @ https://www.figma.com/webpack-artifacts/assets/vendor-core-ade2edecaf4781c7.min.js.br:53
[   64264ms] [WARNING] The resource https://www.figma.com/api/user/state?team_id=1551971169476590938&file_key=NiUKkDCaDY3C2o7tFmZFZH&fuid=939276643110611262 was preloaded using link preload but not used within a few seconds from the window's load event. Please make sure it has an appropriate `as` value and it is preloaded intentionally. @ https://www.figma.com/file/NiUKkDCaDY3C2o7tFmZFZH?node-id=954-2:0
[   64265ms] [WARNING] The resource https://www.figma.com/api/session/state?fuid=939276643110611262 was preloaded using link preload but not used within a few seconds from the window's load event. Please make sure it has an appropriate `as` value and it is preloaded intentionally. @ https://www.figma.com/file/NiUKkDCaDY3C2o7tFmZFZH?node-id=954-2:0
[   64492ms] [WARNING] Statsig is not ready to log exposures, will retry in 1 seconds @ https://www.figma.com/webpack-artifacts/assets/vendor-core-ade2edecaf4781c7.min.js.br:53
[   65493ms] [WARNING] Statsig is not ready to log exposures, will retry in 1 seconds @ https://www.figma.com/webpack-artifacts/assets/vendor-core-ade2edecaf4781c7.min.js.br:53
[   66496ms] [WARNING] Statsig is not ready to log exposures, will retry in 1 seconds @ https://www.figma.com/webpack-artifacts/assets/vendor-core-ade2edecaf4781c7.min.js.br:53
[   67497ms] [WARNING] Statsig is not ready to log exposures, will retry in 1 seconds @ https://www.figma.com/webpack-artifacts/assets/vendor-core-ade2edecaf4781c7.min.js.br:53
[   68499ms] [WARNING] Statsig is not ready to log exposures, will retry in 1 seconds @ https://www.figma.com/webpack-artifacts/assets/vendor-core-ade2edecaf4781c7.min.js.br:53
[   69501ms] [WARNING] Statsig is not ready to log exposures, will retry in 1 seconds @ https://www.figma.com/webpack-artifacts/assets/vendor-core-ade2edecaf4781c7.min.js.br:53
[   70502ms] [WARNING] Statsig is not ready to log exposures, will retry in 1 seconds @ https://www.figma.com/webpack-artifacts/assets/vendor-core-ade2edecaf4781c7.min.js.br:53
[   71504ms] [WARNING] Statsig is not ready to log exposures, will retry in 1 seconds @ https://www.figma.com/webpack-artifacts/assets/vendor-core-ade2edecaf4781c7.min.js.br:53
[   72505ms] [WARNING] Statsig is not ready to log exposures, will retry in 1 seconds @ https://www.figma.com/webpack-artifacts/assets/vendor-core-ade2edecaf4781c7.min.js.br:53
[   73508ms] [WARNING] Statsig is not ready to log exposures, will retry in 1 seconds @ https://www.figma.com/webpack-artifacts/assets/vendor-core-ade2edecaf4781c7.min.js.br:53
[   74268ms] [WARNING] The resource https://www.figma.com/api/user/state?team_id=1551971169476590938&file_key=NiUKkDCaDY3C2o7tFmZFZH&fuid=939276643110611262 was preloaded using link preload but not used within a few seconds from the window's load event. Please make sure it has an appropriate `as` value and it is preloaded intentionally. @ https://www.figma.com/file/NiUKkDCaDY3C2o7tFmZFZH?node-id=954-2:0
[   74269ms] [WARNING] The resource https://www.figma.com/api/session/state?fuid=939276643110611262 was preloaded using link preload but not used within a few seconds from the window's load event. Please make sure it has an appropriate `as` value and it is preloaded intentionally. @ https://www.figma.com/file/NiUKkDCaDY3C2o7tFmZFZH?node-id=954-2:0
[   74509ms] [WARNING] Statsig is not ready to log exposures, will retry in 1 seconds @ https://www.figma.com/webpack-artifacts/assets/vendor-core-ade2edecaf4781c7.min.js.br:53
[   75510ms] [WARNING] Statsig is not ready to log exposures, will retry in 1 seconds @ https://www.figma.com/webpack-artifacts/assets/vendor-core-ade2edecaf4781c7.min.js.br:53
[   76512ms] [WARNING] Statsig is not ready to log exposures, will retry in 1 seconds @ https://www.figma.com/webpack-artifacts/assets/vendor-core-ade2edecaf4781c7.min.js.br:53
[   77515ms] [WARNING] Statsig is not ready to log exposures, will retry in 1 seconds @ https://www.figma.com/webpack-artifacts/assets/vendor-core-ade2edecaf4781c7.min.js.br:53
[   78518ms] [WARNING] Statsig is not ready to log exposures, will retry in 1 seconds @ https://www.figma.com/webpack-artifacts/assets/vendor-core-ade2edecaf4781c7.min.js.br:53
[   79520ms] [WARNING] Statsig is not ready to log exposures, will retry in 1 seconds @ https://www.figma.com/webpack-artifacts/assets/vendor-core-ade2edecaf4781c7.min.js.br:53
[   80522ms] [WARNING] Statsig is not ready to log exposures, will retry in 1 seconds @ https://www.figma.com/webpack-artifacts/assets/vendor-core-ade2edecaf4781c7.min.js.br:53
[   81524ms] [WARNING] Statsig is not ready to log exposures, will retry in 1 seconds @ https://www.figma.com/webpack-artifacts/assets/vendor-core-ade2edecaf4781c7.min.js.br:53
[   82526ms] [WARNING] Statsig is not ready to log exposures, will retry in 1 seconds @ https://www.figma.com/webpack-artifacts/assets/vendor-core-ade2edecaf4781c7.min.js.br:53
[   83529ms] [WARNING] Statsig is not ready to log exposures, will retry in 1 seconds @ https://www.figma.com/webpack-artifacts/assets/vendor-core-ade2edecaf4781c7.min.js.br:53
[   84260ms] [WARNING] The resource https://www.figma.com/api/user/state?team_id=1551971169476590938&file_key=NiUKkDCaDY3C2o7tFmZFZH&fuid=939276643110611262 was preloaded using link preload but not used within a few seconds from the window's load event. Please make sure it has an appropriate `as` value and it is preloaded intentionally. @ https://www.figma.com/file/NiUKkDCaDY3C2o7tFmZFZH?node-id=954-2:0
[   84260ms] [WARNING] The resource https://www.figma.com/api/session/state?fuid=939276643110611262 was preloaded using link preload but not used within a few seconds from the window's load event. Please make sure it has an appropriate `as` value and it is preloaded intentionally. @ https://www.figma.com/file/NiUKkDCaDY3C2o7tFmZFZH?node-id=954-2:0
[   84531ms] [WARNING] Statsig is not ready to log exposures, will retry in 1 seconds @ https://www.figma.com/webpack-artifacts/assets/vendor-core-ade2edecaf4781c7.min.js.br:53
[   85534ms] [WARNING] Statsig is not ready to log exposures, will retry in 1 seconds @ https://www.figma.com/webpack-artifacts/assets/vendor-core-ade2edecaf4781c7.min.js.br:53
[   86536ms] [WARNING] Statsig is not ready to log exposures, will retry in 1 seconds @ https://www.figma.com/webpack-artifacts/assets/vendor-core-ade2edecaf4781c7.min.js.br:53
[   87537ms] [WARNING] Statsig is not ready to log exposures, will retry in 1 seconds @ https://www.figma.com/webpack-artifacts/assets/vendor-core-ade2edecaf4781c7.min.js.br:53
[   88538ms] [WARNING] Statsig is not ready to log exposures, will retry in 1 seconds @ https://www.figma.com/webpack-artifacts/assets/vendor-core-ade2edecaf4781c7.min.js.br:53
[   89540ms] [WARNING] Statsig is not ready to log exposures, will retry in 1 seconds @ https://www.figma.com/webpack-artifacts/assets/vendor-core-ade2edecaf4781c7.min.js.br:53
[   90541ms] [WARNING] Statsig is not ready to log exposures, will retry in 1 seconds @ https://www.figma.com/webpack-artifacts/assets/vendor-core-ade2edecaf4781c7.min.js.br:53
[   91542ms] [WARNING] Statsig is not ready to log exposures, will retry in 1 seconds @ https://www.figma.com/webpack-artifacts/assets/vendor-core-ade2edecaf4781c7.min.js.br:53
[   92544ms] [WARNING] Statsig is not ready to log exposures, will retry in 1 seconds @ https://www.figma.com/webpack-artifacts/assets/vendor-core-ade2edecaf4781c7.min.js.br:53
[   93546ms] [WARNING] Statsig is not ready to log exposures, will retry in 1 seconds @ https://www.figma.com/webpack-artifacts/assets/vendor-core-ade2edecaf4781c7.min.js.br:53
[   94269ms] [WARNING] The resource https://www.figma.com/api/user/state?team_id=1551971169476590938&file_key=NiUKkDCaDY3C2o7tFmZFZH&fuid=939276643110611262 was preloaded using link preload but not used within a few seconds from the window's load event. Please make sure it has an appropriate `as` value and it is preloaded intentionally. @ https://www.figma.com/file/NiUKkDCaDY3C2o7tFmZFZH?node-id=954-2:0
[   94269ms] [WARNING] The resource https://www.figma.com/api/session/state?fuid=939276643110611262 was preloaded using link preload but not used within a few seconds from the window's load event. Please make sure it has an appropriate `as` value and it is preloaded intentionally. @ https://www.figma.com/file/NiUKkDCaDY3C2o7tFmZFZH?node-id=954-2:0
[   94548ms] [WARNING] Statsig is not ready to log exposures, will retry in 1 seconds @ https://www.figma.com/webpack-artifacts/assets/vendor-core-ade2edecaf4781c7.min.js.br:53
[   95550ms] [WARNING] Statsig is not ready to log exposures, will retry in 1 seconds @ https://www.figma.com/webpack-artifacts/assets/vendor-core-ade2edecaf4781c7.min.js.br:53
[   96552ms] [WARNING] Statsig is not ready to log exposures, will retry in 1 seconds @ https://www.figma.com/webpack-artifacts/assets/vendor-core-ade2edecaf4781c7.min.js.br:53
[   97553ms] [WARNING] Statsig is not ready to log exposures, will retry in 1 seconds @ https://www.figma.com/webpack-artifacts/assets/vendor-core-ade2edecaf4781c7.min.js.br:53
[   98555ms] [WARNING] Statsig is not ready to log exposures, will retry in 1 seconds @ https://www.figma.com/webpack-artifacts/assets/vendor-core-ade2edecaf4781c7.min.js.br:53
[   99560ms] [WARNING] Statsig is not ready to log exposures, will retry in 1 seconds @ https://www.figma.com/webpack-artifacts/assets/vendor-core-ade2edecaf4781c7.min.js.br:53
[  100562ms] [WARNING] Statsig is not ready to log exposures, will retry in 1 seconds @ https://www.figma.com/webpack-artifacts/assets/vendor-core-ade2edecaf4781c7.min.js.br:53
[  101564ms] [WARNING] Statsig is not ready to log exposures, will retry in 1 seconds @ https://www.figma.com/webpack-artifacts/assets/vendor-core-ade2edecaf4781c7.min.js.br:53
[  102566ms] [WARNING] Statsig is not ready to log exposures, will retry in 1 seconds @ https://www.figma.com/webpack-artifacts/assets/vendor-core-ade2edecaf4781c7.min.js.br:53
